#-----------------------------------------------------------
# Vivado v2019.1 (64-bit)
# SW Build 2552052 on Fri May 24 14:49:42 MDT 2019
# IP Build 2548770 on Fri May 24 18:01:18 MDT 2019
# Start of session at: Thu Jun  6 22:32:03 2024
# Process ID: 1168
# Current directory: D:/Semester 4/Labs/Computer Organization and Architectue Lab/Lab 12/test/project_12
# Command line: vivado.exe -gui_launcher_event rodinguilauncherevent9556 D:\Semester 4\Labs\Computer Organization and Architectue Lab\Lab 12\test\project_12\project_12.xpr
# Log file: D:/Semester 4/Labs/Computer Organization and Architectue Lab/Lab 12/test/project_12/vivado.log
# Journal file: D:/Semester 4/Labs/Computer Organization and Architectue Lab/Lab 12/test/project_12\vivado.jou
#-----------------------------------------------------------
start_gui
open_project {D:/Semester 4/Labs/Computer Organization and Architectue Lab/Lab 12/test/project_12/project_12.xpr}
update_compile_order -fileset sources_1
launch_simulation
source TopModuleTB.tcl
close_sim
launch_simulation
source TopModuleTB.tcl
close_sim
launch_simulation
source TopModuleTB.tcl
close_sim
launch_simulation
source TopModuleTB.tcl
close_sim
launch_simulation
source TopModuleTB.tcl
close_sim
