#-----------------------------------------------------------
# Webtalk v2019.1 (64-bit)
# SW Build 2552052 on Fri May 24 14:49:42 MDT 2019
# IP Build 2548770 on Fri May 24 18:01:18 MDT 2019
# Start of session at: Fri Jun  7 10:51:50 2024
# Process ID: 8144
# Current directory: B:/All Books and lectures/Semester 4th/Computer Architecture and organisation lab/Labs/open ended lab/oel/oel.sim/sim_1/behav/xsim
# Command line: wbtcv.exe -mode batch -source B:/All Books and lectures/Semester 4th/Computer Architecture and organisation lab/Labs/open ended lab/oel/oel.sim/sim_1/behav/xsim/xsim.dir/testbench_behav/webtalk/xsim_webtalk.tcl -notrace
# Log file: B:/All Books and lectures/Semester 4th/Computer Architecture and organisation lab/Labs/open ended lab/oel/oel.sim/sim_1/behav/xsim/webtalk.log
# Journal file: B:/All Books and lectures/Semester 4th/Computer Architecture and organisation lab/Labs/open ended lab/oel/oel.sim/sim_1/behav/xsim\webtalk.jou
#-----------------------------------------------------------
source B:/All -notrace
